policy version: 2
rules: progress.add-reps, break.first-sessions
target: chest_press, rest 120 s
  working[0]: 12 reps at 90 lb, 3 RIR
  working[1]: 12 reps at 90 lb, 3 RIR
reason: You completed every set with reps to spare. The target is 2 x 12. These are your first sessions after a break, so each set stops at 3 reps in reserve.
