policy version: 8
rules: break.sets-restored, progress.load-step
target: chest_press, rest 60 s
  working[0]: 8 reps at 95 lb, 3 RIR
  working[1]: 8 reps at 95 lb, 3 RIR
  working[2]: 8 reps at 95 lb, 3 RIR
  the other sets follow working[0], up to 100 lb
reason: The first sessions after your break ended, so the target is back to 3 sets. You reached the top of the range with reps to spare. The load goes up to 95 lb, and the target is 3 x 8.
