policy version: 2
exercise: chest_press
model: "fake-model", effort: "medium", prompt hash: "prompt-hash"
proposal:
  target: chest_press, rest 120 s
    working[0]: 8 reps at 150 lb, 2 RIR
    working[1]: 8 reps at 150 lb, 2 RIR
    working[2]: 8 reps at 150 lb, 2 RIR
violation: load.ceiling working[0]: load 150 lb: want 105 lb or less
violation: load.ceiling working[1]: load 150 lb: want 105 lb or less
violation: load.ceiling working[2]: load 150 lb: want 105 lb or less
source: rules, cause: "refused"
rules: fallback.rules, progress.load-step
target: chest_press, rest 120 s
  working[0]: 8 reps at 105 lb, 2 RIR
  working[1]: 8 reps at 105 lb, 2 RIR
  working[2]: 8 reps at 105 lb, 2 RIR
reason: You reached the top of the range with reps to spare. The load goes up to 105 lb, and the target is 3 x 8.
