policy version: 8
exercise: chest_press
model: "", effort: "", prompt hash: ""
source: rules, cause: "no-proposal"
rules: fallback.rules, start.lightest, calibration.first-set
target: chest_press, rest 60 s
  working[0]: 8 reps at 10 lb, 3 RIR
  working[1]: 8 reps at 10 lb, 3 RIR
  working[2]: 8 reps at 10 lb, 3 RIR
  working[0] is the calibration
reason: This exercise is new, and it has no load estimate. It starts at the lightest weight, 10 lb. The first set is the calibration. Change the weight during its first reps when it is too light or too heavy. The other sets use the weight of the first set.
