policy version: 7
rules: progress.add-reps, missed.rir-restored
target: chest_press, rest 60 s
  working[0]: 12 reps at 100 lb, 2 RIR
  working[1]: 12 reps at 100 lb, 2 RIR
  working[2]: 12 reps at 100 lb, 2 RIR
reason: You completed every set with reps to spare. The target is 3 x 12. The session after a missed week ended, so the reps in reserve go back to the target before it.
