policy version: 9
rules: progress.add-reps
target: chest_press, rest 60 s
  working[0]: 12 reps at 100 lb, 2 RIR
  working[1]: 12 reps at 100 lb, 2 RIR
  working[2]: 12 reps at 100 lb, 2 RIR
  the other sets follow working[0], up to 105 lb
reason: You completed every set with reps to spare. The target is 3 x 12.
